------------------------------------------------------------
Timing Analyzer Summary
------------------------------------------------------------

Type  : Slow 1200mV 85C Model Setup 'CLOCK_50'
Slack : -3.691
TNS   : -76.337

Type  : Slow 1200mV 85C Model Setup 'ClkDividerN:inst5|clkOut'
Slack : -0.195
TNS   : -0.389

Type  : Slow 1200mV 85C Model Hold 'ClkDividerN:inst5|clkOut'
Slack : 0.403
TNS   : 0.000

Type  : Slow 1200mV 85C Model Hold 'CLOCK_50'
Slack : 0.441
TNS   : 0.000

Type  : Slow 1200mV 85C Model Minimum Pulse Width 'CLOCK_50'
Slack : -3.000
TNS   : -37.695

Type  : Slow 1200mV 85C Model Minimum Pulse Width 'ClkDividerN:inst5|clkOut'
Slack : -1.285
TNS   : -5.140

Type  : Slow 1200mV 0C Model Setup 'CLOCK_50'
Slack : -3.287
TNS   : -67.703

Type  : Slow 1200mV 0C Model Setup 'ClkDividerN:inst5|clkOut'
Slack : -0.078
TNS   : -0.155

Type  : Slow 1200mV 0C Model Hold 'ClkDividerN:inst5|clkOut'
Slack : 0.354
TNS   : 0.000

Type  : Slow 1200mV 0C Model Hold 'CLOCK_50'
Slack : 0.399
TNS   : 0.000

Type  : Slow 1200mV 0C Model Minimum Pulse Width 'CLOCK_50'
Slack : -3.000
TNS   : -37.695

Type  : Slow 1200mV 0C Model Minimum Pulse Width 'ClkDividerN:inst5|clkOut'
Slack : -1.285
TNS   : -5.140

Type  : Fast 1200mV 0C Model Setup 'CLOCK_50'
Slack : -1.423
TNS   : -22.330

Type  : Fast 1200mV 0C Model Setup 'ClkDividerN:inst5|clkOut'
Slack : 0.413
TNS   : 0.000

Type  : Fast 1200mV 0C Model Hold 'ClkDividerN:inst5|clkOut'
Slack : 0.181
TNS   : 0.000

Type  : Fast 1200mV 0C Model Hold 'CLOCK_50'
Slack : 0.199
TNS   : 0.000

Type  : Fast 1200mV 0C Model Minimum Pulse Width 'CLOCK_50'
Slack : -3.000
TNS   : -31.664

Type  : Fast 1200mV 0C Model Minimum Pulse Width 'ClkDividerN:inst5|clkOut'
Slack : -1.000
TNS   : -4.000

------------------------------------------------------------
