------------------------------------------------------------
Timing Analyzer Summary
------------------------------------------------------------

Type  : Slow 1200mV 85C Model Setup 'FreqDivider:FreqDivider|clkOut'
Slack : -6.764
TNS   : -83.158

Type  : Slow 1200mV 85C Model Setup 'KEY[1]'
Slack : -6.743
TNS   : -49.433

Type  : Slow 1200mV 85C Model Setup 'CLOCK_50'
Slack : -4.281
TNS   : -71.742

Type  : Slow 1200mV 85C Model Hold 'FreqDivider:FreqDivider|clkOut'
Slack : 0.470
TNS   : 0.000

Type  : Slow 1200mV 85C Model Hold 'CLOCK_50'
Slack : 0.655
TNS   : 0.000

Type  : Slow 1200mV 85C Model Hold 'KEY[1]'
Slack : 0.978
TNS   : 0.000

Type  : Slow 1200mV 85C Model Recovery 'FreqDivider:FreqDivider|clkOut'
Slack : -1.489
TNS   : -16.220

Type  : Slow 1200mV 85C Model Removal 'FreqDivider:FreqDivider|clkOut'
Slack : 1.455
TNS   : 0.000

Type  : Slow 1200mV 85C Model Minimum Pulse Width 'CLOCK_50'
Slack : -3.000
TNS   : -45.405

Type  : Slow 1200mV 85C Model Minimum Pulse Width 'KEY[1]'
Slack : -3.000
TNS   : -3.000

Type  : Slow 1200mV 85C Model Minimum Pulse Width 'FreqDivider:FreqDivider|clkOut'
Slack : -1.285
TNS   : -21.845

Type  : Slow 1200mV 0C Model Setup 'FreqDivider:FreqDivider|clkOut'
Slack : -6.083
TNS   : -74.294

Type  : Slow 1200mV 0C Model Setup 'KEY[1]'
Slack : -5.959
TNS   : -42.893

Type  : Slow 1200mV 0C Model Setup 'CLOCK_50'
Slack : -3.842
TNS   : -61.607

Type  : Slow 1200mV 0C Model Hold 'FreqDivider:FreqDivider|clkOut'
Slack : 0.424
TNS   : 0.000

Type  : Slow 1200mV 0C Model Hold 'CLOCK_50'
Slack : 0.597
TNS   : 0.000

Type  : Slow 1200mV 0C Model Hold 'KEY[1]'
Slack : 0.883
TNS   : 0.000

Type  : Slow 1200mV 0C Model Recovery 'FreqDivider:FreqDivider|clkOut'
Slack : -1.308
TNS   : -14.249

Type  : Slow 1200mV 0C Model Removal 'FreqDivider:FreqDivider|clkOut'
Slack : 1.492
TNS   : 0.000

Type  : Slow 1200mV 0C Model Minimum Pulse Width 'CLOCK_50'
Slack : -3.000
TNS   : -45.405

Type  : Slow 1200mV 0C Model Minimum Pulse Width 'KEY[1]'
Slack : -3.000
TNS   : -3.000

Type  : Slow 1200mV 0C Model Minimum Pulse Width 'FreqDivider:FreqDivider|clkOut'
Slack : -1.285
TNS   : -21.845

Type  : Fast 1200mV 0C Model Setup 'KEY[1]'
Slack : -2.879
TNS   : -19.923

Type  : Fast 1200mV 0C Model Setup 'FreqDivider:FreqDivider|clkOut'
Slack : -2.750
TNS   : -34.848

Type  : Fast 1200mV 0C Model Setup 'CLOCK_50'
Slack : -1.642
TNS   : -20.076

Type  : Fast 1200mV 0C Model Hold 'FreqDivider:FreqDivider|clkOut'
Slack : 0.214
TNS   : 0.000

Type  : Fast 1200mV 0C Model Hold 'CLOCK_50'
Slack : 0.298
TNS   : 0.000

Type  : Fast 1200mV 0C Model Hold 'KEY[1]'
Slack : 0.442
TNS   : 0.000

Type  : Fast 1200mV 0C Model Recovery 'FreqDivider:FreqDivider|clkOut'
Slack : -0.927
TNS   : -10.103

Type  : Fast 1200mV 0C Model Removal 'FreqDivider:FreqDivider|clkOut'
Slack : 0.521
TNS   : 0.000

Type  : Fast 1200mV 0C Model Minimum Pulse Width 'CLOCK_50'
Slack : -3.000
TNS   : -38.037

Type  : Fast 1200mV 0C Model Minimum Pulse Width 'KEY[1]'
Slack : -3.000
TNS   : -3.000

Type  : Fast 1200mV 0C Model Minimum Pulse Width 'FreqDivider:FreqDivider|clkOut'
Slack : -1.000
TNS   : -17.000

------------------------------------------------------------
