------------------------------------------------------------
Timing Analyzer Summary
------------------------------------------------------------

Type  : Slow 1200mV 85C Model Setup 'CLOCK_50'
Slack : -4.490
TNS   : -305.229

Type  : Slow 1200mV 85C Model Setup 'DebounceUnit:inst2|s_pulsedOut'
Slack : -3.319
TNS   : -16.163

Type  : Slow 1200mV 85C Model Setup 'ClkDividerN:bruh|clkOut'
Slack : -0.777
TNS   : -2.663

Type  : Slow 1200mV 85C Model Hold 'ClkDividerN:bruh|clkOut'
Slack : 0.392
TNS   : 0.000

Type  : Slow 1200mV 85C Model Hold 'CLOCK_50'
Slack : 0.450
TNS   : 0.000

Type  : Slow 1200mV 85C Model Hold 'DebounceUnit:inst2|s_pulsedOut'
Slack : 0.705
TNS   : 0.000

Type  : Slow 1200mV 85C Model Minimum Pulse Width 'CLOCK_50'
Slack : -3.000
TNS   : -137.925

Type  : Slow 1200mV 85C Model Minimum Pulse Width 'ClkDividerN:bruh|clkOut'
Slack : -1.285
TNS   : -7.710

Type  : Slow 1200mV 85C Model Minimum Pulse Width 'DebounceUnit:inst2|s_pulsedOut'
Slack : 0.428
TNS   : 0.000

Type  : Slow 1200mV 0C Model Setup 'CLOCK_50'
Slack : -4.033
TNS   : -271.153

Type  : Slow 1200mV 0C Model Setup 'DebounceUnit:inst2|s_pulsedOut'
Slack : -3.067
TNS   : -15.124

Type  : Slow 1200mV 0C Model Setup 'ClkDividerN:bruh|clkOut'
Slack : -0.491
TNS   : -1.567

Type  : Slow 1200mV 0C Model Hold 'ClkDividerN:bruh|clkOut'
Slack : 0.262
TNS   : 0.000

Type  : Slow 1200mV 0C Model Hold 'CLOCK_50'
Slack : 0.407
TNS   : 0.000

Type  : Slow 1200mV 0C Model Hold 'DebounceUnit:inst2|s_pulsedOut'
Slack : 0.863
TNS   : 0.000

Type  : Slow 1200mV 0C Model Minimum Pulse Width 'CLOCK_50'
Slack : -3.000
TNS   : -137.925

Type  : Slow 1200mV 0C Model Minimum Pulse Width 'ClkDividerN:bruh|clkOut'
Slack : -1.285
TNS   : -7.710

Type  : Slow 1200mV 0C Model Minimum Pulse Width 'DebounceUnit:inst2|s_pulsedOut'
Slack : 0.438
TNS   : 0.000

Type  : Fast 1200mV 0C Model Setup 'CLOCK_50'
Slack : -1.649
TNS   : -95.328

Type  : Fast 1200mV 0C Model Setup 'DebounceUnit:inst2|s_pulsedOut'
Slack : -1.330
TNS   : -5.858

Type  : Fast 1200mV 0C Model Setup 'ClkDividerN:bruh|clkOut'
Slack : -0.329
TNS   : -0.610

Type  : Fast 1200mV 0C Model Hold 'CLOCK_50'
Slack : 0.206
TNS   : 0.000

Type  : Fast 1200mV 0C Model Hold 'ClkDividerN:bruh|clkOut'
Slack : 0.227
TNS   : 0.000

Type  : Fast 1200mV 0C Model Hold 'DebounceUnit:inst2|s_pulsedOut'
Slack : 0.361
TNS   : 0.000

Type  : Fast 1200mV 0C Model Minimum Pulse Width 'CLOCK_50'
Slack : -3.000
TNS   : -114.478

Type  : Fast 1200mV 0C Model Minimum Pulse Width 'ClkDividerN:bruh|clkOut'
Slack : -1.000
TNS   : -6.000

Type  : Fast 1200mV 0C Model Minimum Pulse Width 'DebounceUnit:inst2|s_pulsedOut'
Slack : 0.350
TNS   : 0.000

------------------------------------------------------------
